-- Found ament_cmake: 1.3.11 (/opt/ros/humble/share/ament_cmake/cmake)
-- Found rclcpp: 16.0.12 (/opt/ros/humble/share/rclcpp/cmake)
-- Found rosidl_generator_c: 3.1.6 (/opt/ros/humble/share/rosidl_generator_c/cmake)
-- Found rosidl_adapter: 3.1.6 (/opt/ros/humble/share/rosidl_adapter/cmake)
-- Found rosidl_generator_cpp: 3.1.6 (/opt/ros/humble/share/rosidl_generator_cpp/cmake)
-- Using all available rosidl_typesupport_c: rosidl_typesupport_fastrtps_c;rosidl_typesupport_introspection_c
-- Using all available rosidl_typesupport_cpp: rosidl_typesupport_fastrtps_cpp;rosidl_typesupport_introspection_cpp
-- Found rmw_implementation_cmake: 6.1.2 (/opt/ros/humble/share/rmw_implementation_cmake/cmake)
-- Found rmw_fastrtps_cpp: 6.2.7 (/opt/ros/humble/share/rmw_fastrtps_cpp/cmake)
-- Using RMW implementation 'rmw_fastrtps_cpp' as default
-- Found geometry_msgs: 4.9.0 (/opt/ros/humble/share/geometry_msgs/cmake)
-- Found sensor_msgs: 4.9.0 (/opt/ros/humble/share/sensor_msgs/cmake)
-- Found nav_msgs: 4.9.0 (/opt/ros/humble/share/nav_msgs/cmake)
-- Found odrive_interfaces: 0.1.0 (/home/danielh/uiabot_ws/install/odrive_interfaces/share/odrive_interfaces/cmake)
-- Found tf2: 0.25.13 (/opt/ros/humble/share/tf2/cmake)
-- Found tf2_ros: 0.25.13 (/opt/ros/humble/share/tf2_ros/cmake)
-- Found urdf: 2.6.1 (/opt/ros/humble/share/urdf/cmake)
-- Configuring done
-- Generating done
-- Build files have been written to: /home/danielh/uiabot_ws/build/uiabot
Consolidate compiler generated dependencies of target control
Consolidate compiler generated dependencies of target imu_tf_viz
Consolidate compiler generated dependencies of target wheel_tf_publisher
Consolidate compiler generated dependencies of target mechanical_odometry
[100%] Built target wheel_tf_publisher
[100%] Built target imu_tf_viz
[100%] Built target control
[100%] Built target mechanical_odometry
-- Install configuration: ""
-- Up-to-date: /home/danielh/uiabot_ws/install/uiabot/lib/uiabot/control
-- Up-to-date: /home/danielh/uiabot_ws/install/uiabot/lib/uiabot/mechanical_odometry
-- Up-to-date: /home/danielh/uiabot_ws/install/uiabot/lib/uiabot/imu_tf_viz
-- Up-to-date: /home/danielh/uiabot_ws/install/uiabot/lib/uiabot/wheel_tf_publisher
-- Up-to-date: /home/danielh/uiabot_ws/install/uiabot/share/uiabot/include
-- Up-to-date: /home/danielh/uiabot_ws/install/uiabot/share/uiabot/include/imu_tf_viz.h
-- Up-to-date: /home/danielh/uiabot_ws/install/uiabot/share/uiabot/include/mechanical_odometry_old.h
-- Up-to-date: /home/danielh/uiabot_ws/install/uiabot/share/uiabot/include/wheel_tf_publisher.h
-- Up-to-date: /home/danielh/uiabot_ws/install/uiabot/share/uiabot/include/control.h
-- Up-to-date: /home/danielh/uiabot_ws/install/uiabot/share/uiabot/include/mechanical_odometry.h
-- Up-to-date: /home/danielh/uiabot_ws/install/uiabot/share/uiabot/launch
-- Up-to-date: /home/danielh/uiabot_ws/install/uiabot/share/uiabot/launch/localization_navigation.launch.py
-- Up-to-date: /home/danielh/uiabot_ws/install/uiabot/share/uiabot/launch/slam_navigation.launch.py
-- Up-to-date: /home/danielh/uiabot_ws/install/uiabot/share/uiabot/launch/teleop_slam.launch.py
-- Up-to-date: /home/danielh/uiabot_ws/install/uiabot/share/uiabot/launch/teleop_motion_control.launch.py
-- Up-to-date: /home/danielh/uiabot_ws/install/uiabot/share/uiabot/launch/teleop.launch.py
-- Up-to-date: /home/danielh/uiabot_ws/install/uiabot/share/uiabot/launch/teleop_mechanical_odometry.launch.py
-- Up-to-date: /home/danielh/uiabot_ws/install/uiabot/share/uiabot/launch/teleop_perception.launch.py
-- Up-to-date: /home/danielh/uiabot_ws/install/uiabot/share/uiabot/launch/remote_visualization.launch.py
-- Up-to-date: /home/danielh/uiabot_ws/install/uiabot/share/uiabot/launch/teleop_perception_old.launch.py
-- Up-to-date: /home/danielh/uiabot_ws/install/uiabot/share/uiabot/urdf
-- Up-to-date: /home/danielh/uiabot_ws/install/uiabot/share/uiabot/urdf/meshes
-- Up-to-date: /home/danielh/uiabot_ws/install/uiabot/share/uiabot/urdf/meshes/uiabot.dae
-- Up-to-date: /home/danielh/uiabot_ws/install/uiabot/share/uiabot/urdf/uiabot.urdf.xacro
-- Up-to-date: /home/danielh/uiabot_ws/install/uiabot/share/uiabot/params
-- Up-to-date: /home/danielh/uiabot_ws/install/uiabot/share/uiabot/params/nav2_params.yaml
-- Up-to-date: /home/danielh/uiabot_ws/install/uiabot/share/uiabot/params/ekf_params.yaml
-- Up-to-date: /home/danielh/uiabot_ws/install/uiabot/share/uiabot/map
-- Up-to-date: /home/danielh/uiabot_ws/install/uiabot/share/uiabot/map/demo.yaml
-- Up-to-date: /home/danielh/uiabot_ws/install/uiabot/share/uiabot/map/map_mezzanine_2.pgm
-- Up-to-date: /home/danielh/uiabot_ws/install/uiabot/share/uiabot/map/map_mezzanine_2.yaml
-- Up-to-date: /home/danielh/uiabot_ws/install/uiabot/share/uiabot/map/test.yaml
-- Up-to-date: /home/danielh/uiabot_ws/install/uiabot/share/uiabot/map/test.pgm
-- Up-to-date: /home/danielh/uiabot_ws/install/uiabot/share/uiabot/map/map_mezzanine.yaml
-- Up-to-date: /home/danielh/uiabot_ws/install/uiabot/share/uiabot/map/demo.pgm
-- Up-to-date: /home/danielh/uiabot_ws/install/uiabot/share/uiabot/map/map_hallway_c2.pgm
-- Up-to-date: /home/danielh/uiabot_ws/install/uiabot/share/uiabot/map/map_mezzanine.pgm
-- Up-to-date: /home/danielh/uiabot_ws/install/uiabot/share/uiabot/map/map_hallway_c2.yaml
-- Installing: /home/danielh/uiabot_ws/install/uiabot/share/uiabot/rviz
-- Installing: /home/danielh/uiabot_ws/install/uiabot/share/uiabot/rviz/SLAM.rviz
-- Installing: /home/danielh/uiabot_ws/install/uiabot/share/uiabot/rviz/mech_odom.rviz
-- Up-to-date: /home/danielh/uiabot_ws/install/uiabot/share/ament_index/resource_index/package_run_dependencies/uiabot
-- Up-to-date: /home/danielh/uiabot_ws/install/uiabot/share/ament_index/resource_index/parent_prefix_path/uiabot
-- Up-to-date: /home/danielh/uiabot_ws/install/uiabot/share/uiabot/environment/ament_prefix_path.sh
-- Installing: /home/danielh/uiabot_ws/install/uiabot/share/uiabot/environment/ament_prefix_path.dsv
-- Up-to-date: /home/danielh/uiabot_ws/install/uiabot/share/uiabot/environment/path.sh
-- Installing: /home/danielh/uiabot_ws/install/uiabot/share/uiabot/environment/path.dsv
-- Up-to-date: /home/danielh/uiabot_ws/install/uiabot/share/uiabot/local_setup.bash
-- Up-to-date: /home/danielh/uiabot_ws/install/uiabot/share/uiabot/local_setup.sh
-- Up-to-date: /home/danielh/uiabot_ws/install/uiabot/share/uiabot/local_setup.zsh
-- Installing: /home/danielh/uiabot_ws/install/uiabot/share/uiabot/local_setup.dsv
-- Installing: /home/danielh/uiabot_ws/install/uiabot/share/uiabot/package.dsv
-- Up-to-date: /home/danielh/uiabot_ws/install/uiabot/share/ament_index/resource_index/packages/uiabot
-- Up-to-date: /home/danielh/uiabot_ws/install/uiabot/share/uiabot/cmake/uiabotConfig.cmake
-- Up-to-date: /home/danielh/uiabot_ws/install/uiabot/share/uiabot/cmake/uiabotConfig-version.cmake
-- Up-to-date: /home/danielh/uiabot_ws/install/uiabot/share/uiabot/package.xml
