[0.007s] Invoking command in '/home/danielh/uiabot_ws/build/uiabot': CMAKE_PREFIX_PATH=${CMAKE_PREFIX_PATH}:/home/danielh/uiabot_ws/install/odrive_ros2:/opt/ros/humble /usr/bin/cmake --build /home/danielh/uiabot_ws/build/uiabot -- -j12 -l12
[0.024s] -- Found ament_cmake: 1.3.11 (/opt/ros/humble/share/ament_cmake/cmake)
[0.120s] -- Found rclcpp: 16.0.12 (/opt/ros/humble/share/rclcpp/cmake)
[0.143s] -- Found rosidl_generator_c: 3.1.6 (/opt/ros/humble/share/rosidl_generator_c/cmake)
[0.145s] -- Found rosidl_adapter: 3.1.6 (/opt/ros/humble/share/rosidl_adapter/cmake)
[0.149s] -- Found rosidl_generator_cpp: 3.1.6 (/opt/ros/humble/share/rosidl_generator_cpp/cmake)
[0.157s] -- Using all available rosidl_typesupport_c: rosidl_typesupport_fastrtps_c;rosidl_typesupport_introspection_c
[0.167s] -- Using all available rosidl_typesupport_cpp: rosidl_typesupport_fastrtps_cpp;rosidl_typesupport_introspection_cpp
[0.193s] -- Found rmw_implementation_cmake: 6.1.2 (/opt/ros/humble/share/rmw_implementation_cmake/cmake)
[0.194s] -- Found rmw_fastrtps_cpp: 6.2.7 (/opt/ros/humble/share/rmw_fastrtps_cpp/cmake)
[0.266s] -- Using RMW implementation 'rmw_fastrtps_cpp' as default
[0.305s] -- Found geometry_msgs: 4.9.0 (/opt/ros/humble/share/geometry_msgs/cmake)
[0.315s] -- Found sensor_msgs: 4.9.0 (/opt/ros/humble/share/sensor_msgs/cmake)
[0.329s] -- Found nav_msgs: 4.9.0 (/opt/ros/humble/share/nav_msgs/cmake)
[0.342s] -- Found odrive_interfaces: 0.1.0 (/home/danielh/uiabot_ws/install/odrive_interfaces/share/odrive_interfaces/cmake)
[0.349s] -- Found tf2: 0.25.13 (/opt/ros/humble/share/tf2/cmake)
[0.351s] -- Found tf2_ros: 0.25.13 (/opt/ros/humble/share/tf2_ros/cmake)
[0.414s] -- Found urdf: 2.6.1 (/opt/ros/humble/share/urdf/cmake)
[0.480s] -- Configuring done
[0.495s] -- Generating done
[0.502s] -- Build files have been written to: /home/danielh/uiabot_ws/build/uiabot
[0.523s] Consolidate compiler generated dependencies of target control
[0.523s] Consolidate compiler generated dependencies of target imu_tf_viz
[0.523s] Consolidate compiler generated dependencies of target wheel_tf_publisher
[0.523s] Consolidate compiler generated dependencies of target mechanical_odometry
[0.532s] [100%] Built target wheel_tf_publisher
[0.532s] [100%] Built target imu_tf_viz
[0.532s] [100%] Built target control
[0.532s] [100%] Built target mechanical_odometry
[0.539s] Invoked command in '/home/danielh/uiabot_ws/build/uiabot' returned '0': CMAKE_PREFIX_PATH=${CMAKE_PREFIX_PATH}:/home/danielh/uiabot_ws/install/odrive_ros2:/opt/ros/humble /usr/bin/cmake --build /home/danielh/uiabot_ws/build/uiabot -- -j12 -l12
[0.547s] Invoking command in '/home/danielh/uiabot_ws/build/uiabot': CMAKE_PREFIX_PATH=${CMAKE_PREFIX_PATH}:/home/danielh/uiabot_ws/install/odrive_ros2:/opt/ros/humble /usr/bin/cmake --install /home/danielh/uiabot_ws/build/uiabot
[0.551s] -- Install configuration: ""
[0.552s] -- Up-to-date: /home/danielh/uiabot_ws/install/uiabot/lib/uiabot/control
[0.552s] -- Up-to-date: /home/danielh/uiabot_ws/install/uiabot/lib/uiabot/mechanical_odometry
[0.552s] -- Up-to-date: /home/danielh/uiabot_ws/install/uiabot/lib/uiabot/imu_tf_viz
[0.552s] -- Up-to-date: /home/danielh/uiabot_ws/install/uiabot/lib/uiabot/wheel_tf_publisher
[0.552s] -- Up-to-date: /home/danielh/uiabot_ws/install/uiabot/share/uiabot/include
[0.553s] -- Up-to-date: /home/danielh/uiabot_ws/install/uiabot/share/uiabot/include/imu_tf_viz.h
[0.553s] -- Up-to-date: /home/danielh/uiabot_ws/install/uiabot/share/uiabot/include/mechanical_odometry_old.h
[0.553s] -- Up-to-date: /home/danielh/uiabot_ws/install/uiabot/share/uiabot/include/wheel_tf_publisher.h
[0.553s] -- Up-to-date: /home/danielh/uiabot_ws/install/uiabot/share/uiabot/include/control.h
[0.553s] -- Up-to-date: /home/danielh/uiabot_ws/install/uiabot/share/uiabot/include/mechanical_odometry.h
[0.553s] -- Up-to-date: /home/danielh/uiabot_ws/install/uiabot/share/uiabot/launch
[0.553s] -- Up-to-date: /home/danielh/uiabot_ws/install/uiabot/share/uiabot/launch/localization_navigation.launch.py
[0.553s] -- Up-to-date: /home/danielh/uiabot_ws/install/uiabot/share/uiabot/launch/slam_navigation.launch.py
[0.553s] -- Up-to-date: /home/danielh/uiabot_ws/install/uiabot/share/uiabot/launch/teleop_slam.launch.py
[0.553s] -- Up-to-date: /home/danielh/uiabot_ws/install/uiabot/share/uiabot/launch/teleop_motion_control.launch.py
[0.553s] -- Up-to-date: /home/danielh/uiabot_ws/install/uiabot/share/uiabot/launch/teleop.launch.py
[0.553s] -- Up-to-date: /home/danielh/uiabot_ws/install/uiabot/share/uiabot/launch/teleop_mechanical_odometry.launch.py
[0.553s] -- Up-to-date: /home/danielh/uiabot_ws/install/uiabot/share/uiabot/launch/teleop_perception.launch.py
[0.553s] -- Up-to-date: /home/danielh/uiabot_ws/install/uiabot/share/uiabot/launch/remote_visualization.launch.py
[0.553s] -- Up-to-date: /home/danielh/uiabot_ws/install/uiabot/share/uiabot/launch/teleop_perception_old.launch.py
[0.553s] -- Up-to-date: /home/danielh/uiabot_ws/install/uiabot/share/uiabot/urdf
[0.553s] -- Up-to-date: /home/danielh/uiabot_ws/install/uiabot/share/uiabot/urdf/meshes
[0.553s] -- Up-to-date: /home/danielh/uiabot_ws/install/uiabot/share/uiabot/urdf/meshes/uiabot.dae
[0.553s] -- Up-to-date: /home/danielh/uiabot_ws/install/uiabot/share/uiabot/urdf/uiabot.urdf.xacro
[0.553s] -- Up-to-date: /home/danielh/uiabot_ws/install/uiabot/share/uiabot/params
[0.553s] -- Up-to-date: /home/danielh/uiabot_ws/install/uiabot/share/uiabot/params/nav2_params.yaml
[0.554s] -- Up-to-date: /home/danielh/uiabot_ws/install/uiabot/share/uiabot/params/ekf_params.yaml
[0.554s] -- Up-to-date: /home/danielh/uiabot_ws/install/uiabot/share/uiabot/map
[0.554s] -- Up-to-date: /home/danielh/uiabot_ws/install/uiabot/share/uiabot/map/demo.yaml
[0.554s] -- Up-to-date: /home/danielh/uiabot_ws/install/uiabot/share/uiabot/map/map_mezzanine_2.pgm
[0.554s] -- Up-to-date: /home/danielh/uiabot_ws/install/uiabot/share/uiabot/map/map_mezzanine_2.yaml
[0.554s] -- Up-to-date: /home/danielh/uiabot_ws/install/uiabot/share/uiabot/map/test.yaml
[0.554s] -- Up-to-date: /home/danielh/uiabot_ws/install/uiabot/share/uiabot/map/test.pgm
[0.554s] -- Up-to-date: /home/danielh/uiabot_ws/install/uiabot/share/uiabot/map/map_mezzanine.yaml
[0.554s] -- Up-to-date: /home/danielh/uiabot_ws/install/uiabot/share/uiabot/map/demo.pgm
[0.554s] -- Up-to-date: /home/danielh/uiabot_ws/install/uiabot/share/uiabot/map/map_hallway_c2.pgm
[0.554s] -- Up-to-date: /home/danielh/uiabot_ws/install/uiabot/share/uiabot/map/map_mezzanine.pgm
[0.554s] -- Up-to-date: /home/danielh/uiabot_ws/install/uiabot/share/uiabot/map/map_hallway_c2.yaml
[0.554s] -- Installing: /home/danielh/uiabot_ws/install/uiabot/share/uiabot/rviz
[0.554s] -- Installing: /home/danielh/uiabot_ws/install/uiabot/share/uiabot/rviz/SLAM.rviz
[0.554s] -- Installing: /home/danielh/uiabot_ws/install/uiabot/share/uiabot/rviz/mech_odom.rviz
[0.554s] -- Up-to-date: /home/danielh/uiabot_ws/install/uiabot/share/ament_index/resource_index/package_run_dependencies/uiabot
[0.554s] -- Up-to-date: /home/danielh/uiabot_ws/install/uiabot/share/ament_index/resource_index/parent_prefix_path/uiabot
[0.554s] -- Up-to-date: /home/danielh/uiabot_ws/install/uiabot/share/uiabot/environment/ament_prefix_path.sh
[0.554s] -- Installing: /home/danielh/uiabot_ws/install/uiabot/share/uiabot/environment/ament_prefix_path.dsv
[0.554s] -- Up-to-date: /home/danielh/uiabot_ws/install/uiabot/share/uiabot/environment/path.sh
[0.554s] -- Installing: /home/danielh/uiabot_ws/install/uiabot/share/uiabot/environment/path.dsv
[0.554s] -- Up-to-date: /home/danielh/uiabot_ws/install/uiabot/share/uiabot/local_setup.bash
[0.555s] -- Up-to-date: /home/danielh/uiabot_ws/install/uiabot/share/uiabot/local_setup.sh
[0.555s] -- Up-to-date: /home/danielh/uiabot_ws/install/uiabot/share/uiabot/local_setup.zsh
[0.555s] -- Installing: /home/danielh/uiabot_ws/install/uiabot/share/uiabot/local_setup.dsv
[0.555s] -- Installing: /home/danielh/uiabot_ws/install/uiabot/share/uiabot/package.dsv
[0.555s] -- Up-to-date: /home/danielh/uiabot_ws/install/uiabot/share/ament_index/resource_index/packages/uiabot
[0.555s] -- Up-to-date: /home/danielh/uiabot_ws/install/uiabot/share/uiabot/cmake/uiabotConfig.cmake
[0.555s] -- Up-to-date: /home/danielh/uiabot_ws/install/uiabot/share/uiabot/cmake/uiabotConfig-version.cmake
[0.555s] -- Up-to-date: /home/danielh/uiabot_ws/install/uiabot/share/uiabot/package.xml
[0.555s] Invoked command in '/home/danielh/uiabot_ws/build/uiabot' returned '0': CMAKE_PREFIX_PATH=${CMAKE_PREFIX_PATH}:/home/danielh/uiabot_ws/install/odrive_ros2:/opt/ros/humble /usr/bin/cmake --install /home/danielh/uiabot_ws/build/uiabot
