[0.007s] Invoking command in '/home/danielh/uiabot_ws/build/uiabot': CMAKE_PREFIX_PATH=${CMAKE_PREFIX_PATH}:/home/danielh/uiabot_ws/install/odrive_ros2:/opt/ros/humble /usr/bin/cmake --build /home/danielh/uiabot_ws/build/uiabot -- -j12 -l12
[0.026s] -- Found ament_cmake: 1.3.11 (/opt/ros/humble/share/ament_cmake/cmake)
[0.129s] -- Found rclcpp: 16.0.12 (/opt/ros/humble/share/rclcpp/cmake)
[0.157s] -- Found rosidl_generator_c: 3.1.6 (/opt/ros/humble/share/rosidl_generator_c/cmake)
[0.159s] -- Found rosidl_adapter: 3.1.6 (/opt/ros/humble/share/rosidl_adapter/cmake)
[0.165s] -- Found rosidl_generator_cpp: 3.1.6 (/opt/ros/humble/share/rosidl_generator_cpp/cmake)
[0.174s] -- Using all available rosidl_typesupport_c: rosidl_typesupport_fastrtps_c;rosidl_typesupport_introspection_c
[0.186s] -- Using all available rosidl_typesupport_cpp: rosidl_typesupport_fastrtps_cpp;rosidl_typesupport_introspection_cpp
[0.217s] -- Found rmw_implementation_cmake: 6.1.2 (/opt/ros/humble/share/rmw_implementation_cmake/cmake)
[0.219s] -- Found rmw_fastrtps_cpp: 6.2.7 (/opt/ros/humble/share/rmw_fastrtps_cpp/cmake)
[0.301s] -- Using RMW implementation 'rmw_fastrtps_cpp' as default
[0.346s] -- Found geometry_msgs: 4.9.0 (/opt/ros/humble/share/geometry_msgs/cmake)
[0.358s] -- Found sensor_msgs: 4.9.0 (/opt/ros/humble/share/sensor_msgs/cmake)
[0.373s] -- Found nav_msgs: 4.9.0 (/opt/ros/humble/share/nav_msgs/cmake)
[0.387s] -- Found odrive_interfaces: 0.1.0 (/home/danielh/uiabot_ws/install/odrive_interfaces/share/odrive_interfaces/cmake)
[0.397s] -- Found tf2: 0.25.13 (/opt/ros/humble/share/tf2/cmake)
[0.401s] -- Found tf2_ros: 0.25.13 (/opt/ros/humble/share/tf2_ros/cmake)
[0.475s] -- Found urdf: 2.6.1 (/opt/ros/humble/share/urdf/cmake)
[0.546s] -- Configuring done
[0.563s] -- Generating done
[0.569s] -- Build files have been written to: /home/danielh/uiabot_ws/build/uiabot
[0.589s] Consolidate compiler generated dependencies of target imu_tf_viz
[0.589s] Consolidate compiler generated dependencies of target control
[0.590s] Consolidate compiler generated dependencies of target mechanical_odometry
[0.594s] [ 12%] Building CXX object CMakeFiles/wheel_tf_publisher.dir/src/wheel_tf_publisher.cpp.o
[0.598s] [ 50%] Building CXX object CMakeFiles/imu_tf_viz.dir/src/imu_tf_viz.cpp.o
[0.599s] [ 50%] Building CXX object CMakeFiles/mechanical_odometry.dir/src/mechanical_odometry.cpp.o
[0.599s] [ 62%] Built target control
[7.117s] [ 75%] Linking CXX executable imu_tf_viz
[7.356s] [ 87%] Linking CXX executable wheel_tf_publisher
[7.454s] [ 87%] Built target imu_tf_viz
[7.480s] [100%] Linking CXX executable mechanical_odometry
[7.668s] [100%] Built target wheel_tf_publisher
[7.805s] [100%] Built target mechanical_odometry
[7.812s] Invoked command in '/home/danielh/uiabot_ws/build/uiabot' returned '0': CMAKE_PREFIX_PATH=${CMAKE_PREFIX_PATH}:/home/danielh/uiabot_ws/install/odrive_ros2:/opt/ros/humble /usr/bin/cmake --build /home/danielh/uiabot_ws/build/uiabot -- -j12 -l12
[7.818s] Invoking command in '/home/danielh/uiabot_ws/build/uiabot': CMAKE_PREFIX_PATH=${CMAKE_PREFIX_PATH}:/home/danielh/uiabot_ws/install/odrive_ros2:/opt/ros/humble /usr/bin/cmake --install /home/danielh/uiabot_ws/build/uiabot
[7.823s] -- Install configuration: ""
[7.823s] -- Up-to-date: /home/danielh/uiabot_ws/install/uiabot/lib/uiabot/control
[7.823s] -- Installing: /home/danielh/uiabot_ws/install/uiabot/lib/uiabot/mechanical_odometry
[7.825s] -- Set runtime path of "/home/danielh/uiabot_ws/install/uiabot/lib/uiabot/mechanical_odometry" to ""
[7.825s] -- Installing: /home/danielh/uiabot_ws/install/uiabot/lib/uiabot/imu_tf_viz
[7.827s] -- Set runtime path of "/home/danielh/uiabot_ws/install/uiabot/lib/uiabot/imu_tf_viz" to ""
[7.827s] -- Installing: /home/danielh/uiabot_ws/install/uiabot/lib/uiabot/wheel_tf_publisher
[7.829s] -- Set runtime path of "/home/danielh/uiabot_ws/install/uiabot/lib/uiabot/wheel_tf_publisher" to ""
[7.829s] -- Up-to-date: /home/danielh/uiabot_ws/install/uiabot/share/uiabot/include
[7.829s] -- Installing: /home/danielh/uiabot_ws/install/uiabot/share/uiabot/include/imu_tf_viz.h
[7.829s] -- Installing: /home/danielh/uiabot_ws/install/uiabot/share/uiabot/include/mechanical_odometry_old.h
[7.829s] -- Installing: /home/danielh/uiabot_ws/install/uiabot/share/uiabot/include/wheel_tf_publisher.h
[7.829s] -- Up-to-date: /home/danielh/uiabot_ws/install/uiabot/share/uiabot/include/control.h
[7.829s] -- Installing: /home/danielh/uiabot_ws/install/uiabot/share/uiabot/include/mechanical_odometry.h
[7.830s] -- Up-to-date: /home/danielh/uiabot_ws/install/uiabot/share/uiabot/launch
[7.830s] -- Up-to-date: /home/danielh/uiabot_ws/install/uiabot/share/uiabot/launch/localization_navigation.launch.py
[7.830s] -- Up-to-date: /home/danielh/uiabot_ws/install/uiabot/share/uiabot/launch/slam_navigation.launch.py
[7.830s] -- Up-to-date: /home/danielh/uiabot_ws/install/uiabot/share/uiabot/launch/teleop_slam.launch.py
[7.830s] -- Installing: /home/danielh/uiabot_ws/install/uiabot/share/uiabot/launch/teleop_motion_control.launch.py
[7.830s] -- Up-to-date: /home/danielh/uiabot_ws/install/uiabot/share/uiabot/launch/teleop.launch.py
[7.830s] -- Installing: /home/danielh/uiabot_ws/install/uiabot/share/uiabot/launch/teleop_perception.launch.py
[7.830s] -- Installing: /home/danielh/uiabot_ws/install/uiabot/share/uiabot/launch/teleop_perception_old.launch.py
[7.830s] -- Up-to-date: /home/danielh/uiabot_ws/install/uiabot/share/uiabot/urdf
[7.830s] -- Up-to-date: /home/danielh/uiabot_ws/install/uiabot/share/uiabot/urdf/meshes
[7.830s] -- Up-to-date: /home/danielh/uiabot_ws/install/uiabot/share/uiabot/urdf/meshes/wheel_original.stl
[7.830s] -- Up-to-date: /home/danielh/uiabot_ws/install/uiabot/share/uiabot/urdf/meshes/uiabot.blend1
[7.830s] -- Up-to-date: /home/danielh/uiabot_ws/install/uiabot/share/uiabot/urdf/meshes/uiabot_base_original.stl
[7.830s] -- Up-to-date: /home/danielh/uiabot_ws/install/uiabot/share/uiabot/urdf/meshes/uiabot.blend
[7.830s] -- Up-to-date: /home/danielh/uiabot_ws/install/uiabot/share/uiabot/urdf/meshes/uiabot.stl
[7.830s] -- Up-to-date: /home/danielh/uiabot_ws/install/uiabot/share/uiabot/urdf/meshes/wheel.blend
[7.831s] -- Up-to-date: /home/danielh/uiabot_ws/install/uiabot/share/uiabot/urdf/meshes/uiabot.dae
[7.831s] -- Up-to-date: /home/danielh/uiabot_ws/install/uiabot/share/uiabot/urdf/meshes/wheel.stl
[7.831s] -- Installing: /home/danielh/uiabot_ws/install/uiabot/share/uiabot/urdf/uiabot.urdf.xacro
[7.831s] -- Up-to-date: /home/danielh/uiabot_ws/install/uiabot/share/uiabot/params
[7.831s] -- Up-to-date: /home/danielh/uiabot_ws/install/uiabot/share/uiabot/params/nav2_params.yaml
[7.831s] -- Up-to-date: /home/danielh/uiabot_ws/install/uiabot/share/uiabot/params/ekf_params.yaml
[7.831s] -- Up-to-date: /home/danielh/uiabot_ws/install/uiabot/share/uiabot/map
[7.831s] -- Up-to-date: /home/danielh/uiabot_ws/install/uiabot/share/uiabot/map/demo.yaml
[7.831s] -- Up-to-date: /home/danielh/uiabot_ws/install/uiabot/share/uiabot/map/map_mezzanine_2.pgm
[7.831s] -- Up-to-date: /home/danielh/uiabot_ws/install/uiabot/share/uiabot/map/map_mezzanine_2.yaml
[7.831s] -- Up-to-date: /home/danielh/uiabot_ws/install/uiabot/share/uiabot/map/test.yaml
[7.831s] -- Up-to-date: /home/danielh/uiabot_ws/install/uiabot/share/uiabot/map/test.pgm
[7.831s] -- Up-to-date: /home/danielh/uiabot_ws/install/uiabot/share/uiabot/map/map_mezzanine.yaml
[7.831s] -- Up-to-date: /home/danielh/uiabot_ws/install/uiabot/share/uiabot/map/demo.pgm
[7.831s] -- Up-to-date: /home/danielh/uiabot_ws/install/uiabot/share/uiabot/map/map_hallway_c2.pgm
[7.831s] -- Up-to-date: /home/danielh/uiabot_ws/install/uiabot/share/uiabot/map/map_mezzanine.pgm
[7.831s] -- Up-to-date: /home/danielh/uiabot_ws/install/uiabot/share/uiabot/map/map_hallway_c2.yaml
[7.831s] -- Up-to-date: /home/danielh/uiabot_ws/install/uiabot/share/ament_index/resource_index/package_run_dependencies/uiabot
[7.831s] -- Installing: /home/danielh/uiabot_ws/install/uiabot/share/ament_index/resource_index/parent_prefix_path/uiabot
[7.831s] -- Up-to-date: /home/danielh/uiabot_ws/install/uiabot/share/uiabot/environment/ament_prefix_path.sh
[7.831s] -- Installing: /home/danielh/uiabot_ws/install/uiabot/share/uiabot/environment/ament_prefix_path.dsv
[7.831s] -- Up-to-date: /home/danielh/uiabot_ws/install/uiabot/share/uiabot/environment/path.sh
[7.832s] -- Installing: /home/danielh/uiabot_ws/install/uiabot/share/uiabot/environment/path.dsv
[7.832s] -- Up-to-date: /home/danielh/uiabot_ws/install/uiabot/share/uiabot/local_setup.bash
[7.832s] -- Up-to-date: /home/danielh/uiabot_ws/install/uiabot/share/uiabot/local_setup.sh
[7.832s] -- Up-to-date: /home/danielh/uiabot_ws/install/uiabot/share/uiabot/local_setup.zsh
[7.832s] -- Installing: /home/danielh/uiabot_ws/install/uiabot/share/uiabot/local_setup.dsv
[7.832s] -- Installing: /home/danielh/uiabot_ws/install/uiabot/share/uiabot/package.dsv
[7.832s] -- Up-to-date: /home/danielh/uiabot_ws/install/uiabot/share/ament_index/resource_index/packages/uiabot
[7.832s] -- Up-to-date: /home/danielh/uiabot_ws/install/uiabot/share/uiabot/cmake/uiabotConfig.cmake
[7.832s] -- Up-to-date: /home/danielh/uiabot_ws/install/uiabot/share/uiabot/cmake/uiabotConfig-version.cmake
[7.832s] -- Up-to-date: /home/danielh/uiabot_ws/install/uiabot/share/uiabot/package.xml
[7.832s] Invoked command in '/home/danielh/uiabot_ws/build/uiabot' returned '0': CMAKE_PREFIX_PATH=${CMAKE_PREFIX_PATH}:/home/danielh/uiabot_ws/install/odrive_ros2:/opt/ros/humble /usr/bin/cmake --install /home/danielh/uiabot_ws/build/uiabot
